QStandardPaths: XDG_RUNTIME_DIR not set, defaulting to '/tmp/runtime-ths'
QStandardPaths: XDG_RUNTIME_DIR not set, defaulting to '/tmp/runtime-ths'
qt5ct: using qt5ct plugin
Could not load system translator.
